// Jest Snapshot v1, https://goo.gl/fbAQLP

exports[`Pagination should render as expected for common props 1`] = `
<div
  className="NHP-pagination"
>
  <ul
    className="pagination pagination"
  >
    <Component
      active={false}
      disabled={true}
      key="first"
      label="First"
      onClick={[Function]}
    >
      <span
        className="chevron"
      >
        «
      </span>
    </Component>
    <Component
      active={false}
      disabled={true}
      key="prev"
      label="Prev"
      onClick={[Function]}
    >
      Prev
    </Component>
    <Component
      active={true}
      disabled={false}
      key="1"
      onClick={[Function]}
    >
      1
    </Component>
    <Component
      active={false}
      disabled={false}
      key="2"
      onClick={[Function]}
    >
      2
    </Component>
    <Component
      active={false}
      disabled={false}
      key="3"
      onClick={[Function]}
    >
      3
    </Component>
    <Component
      active={false}
      disabled={false}
      key="4"
      onClick={[Function]}
    >
      4
    </Component>
    <Component
      active={false}
      disabled={false}
      key="5"
      onClick={[Function]}
    >
      5
    </Component>
    <Component
      active={false}
      disabled={true}
      key="post-ellipsis"
      label="Ellipsis"
      onClick={[Function]}
    >
      …
    </Component>
    <Component
      active={false}
      disabled={false}
      key="next"
      label="Next"
      onClick={[Function]}
    >
      Next
    </Component>
    <Component
      active={false}
      disabled={false}
      key="last"
      label="Last"
      onClick={[Function]}
    >
      <span
        className="chevron"
      >
        »
      </span>
    </Component>
  </ul>
</div>
`;
